Trovati 260 json, 259 wav
ERR files/3DShZ4a54JoXR4waUddf2g.json: HTTP Error 404: NOT FOUND
ERR files/3yJDQKzXjNJfzPNxsg8qVT.json: HTTP Error 404: NOT FOUND
ERR files/5nKXXrBUwtDE3UZPLyKT24.json: <urlopen error [Errno 61] Connection refused>
ERR files/5pA9NSdStSm886WZMiugy3.json: HTTP Error 404: NOT FOUND
OK files/7FDTfQUPxzxepWzLAL3xA8.json 63781 (https://web.archive.org/web/20250121222813id_/http://waveeditonline.com/files/7FDTfQUPxzxepWzLAL3xA8)
OK files/8ACYLHfCpdwotHDMKAnNEo.json 66759 (https://web.archive.org/web/20250131165752id_/http://waveeditonline.com/files/8ACYLHfCpdwotHDMKAnNEo)
OK files/8JD7HpbS8fdejmp9fCZHtS.json 67783 (https://web.archive.org/web/20240501105634id_/https://waveeditonline.com/files/8JD7HpbS8fdejmp9fCZHt)
OK files/8L5Y6naMPjzdtgYUGAU6n4.json 65781 (https://web.archive.org/web/20221019145914id_/https://waveeditonline.com/files/8L5Y6naMPjzdtgYUGAU6n)
OK files/8Ndh7r6pUMopUFjfYHRoMW.json 66081 (https://web.archive.org/web/20240501105634id_/https://waveeditonline.com/files/8Ndh7r6pUMopUFjfYHRoM)
OK files/8f3vbGksA7JuoGaUprc4VD.json 67853 (https://web.archive.org/web/20240118235645id_/https://waveeditonline.com/files/8f3vbGksA7JuoGaUprc4V)
ERR files/8qgagG4ndjYPciNL4xSJ9n.json: HTTP Error 404: NOT FOUND
ERR files/8v7RU77YX6xdquyTUiEKRV.json: HTTP Error 404: NOT FOUND
ERR files/9fwEz6rukx7rvFuVXuhECP.json: HTTP Error 404: NOT FOUND
OK files/9rwZrv7TZUbaioTEg2mEYh.json 60427 (https://web.archive.org/web/20250315204448id_/http://waveeditonline.com/files/9rwZrv7TZUbaioTEg2mEYh)
OK files/AychxWkmUXsSysvLG7sRqC.json 63778 (https://web.archive.org/web/20250312142833id_/http://waveeditonline.com/files/AychxWkmUXsSysvLG7sRqC)
ERR files/B786THurn3xB29oGiZigcZ.json: HTTP Error 404: NOT FOUND
OK files/Ba7UkxkbEvhiS3rwNHmXSB.json 64689 (https://web.archive.org/web/20240501105633id_/https://waveeditonline.com/files/Ba7UkxkbEvhiS3rwNHmXS)
OK files/Bvobi4mC4ixvhfjeLQHCqR.json 65342 (https://web.archive.org/web/20250217012042id_/http://waveeditonline.com/files/Bvobi4mC4ixvhfjeLQHCqR)
ERR files/C5xLDxcp8iSGmyy5Zv5rcS.json: <urlopen error [Errno 61] Connection refused>
OK files/C6G74TeDNejp2PTNVkMjPJ.json 59999 (https://web.archive.org/web/20240501105633id_/https://waveeditonline.com/files/C6G74TeDNejp2PTNVkMjP)
ERR files/CNKVnUZENqytbEzuY3hYrn.json: HTTP Error 404: NOT FOUND
ERR files/DScaxM5fgpmz6UQfmWEwVe.json: HTTP Error 404: NOT FOUND
OK files/EFZgJzEzagZbqf2uphyYU8.json 67980 (https://web.archive.org/web/20240118235645id_/https://waveeditonline.com/files/EFZgJzEzagZbqf2uphyYU)
OK files/EbogeK95dX3PoCcjZ777kD.json 67011 (https://web.archive.org/web/20250524174706id_/http://waveeditonline.com/files/EbogeK95dX3PoCcjZ777kD)
OK files/EntkVtze2rChMVCtkA5mD2.json 66093 (https://web.archive.org/web/20240501105633id_/https://waveeditonline.com/files/EntkVtze2rChMVCtkA5mD)
ERR files/F9FHiCHTyKJdi4myCJwb96.json: <urlopen error [Errno 61] Connection refused>
ERR files/FEqd3CWGaQ2V6cpsNGYiGA.json: HTTP Error 404: NOT FOUND
OK files/FHvaKqCR8HiCMVjokchgyK.json 66234 (https://web.archive.org/web/20240118235645id_/https://waveeditonline.com/files/FHvaKqCR8HiCMVjokchgy)
OK files/FN28TNKejB68tPVtQLgWA5.json 67395 (https://web.archive.org/web/20220320073731id_/https://waveeditonline.com/files/FN28TNKejB68tPVtQLgWA)
ERR files/FfcxZRZR95TZFZmMizQxh9.json: <urlopen error [Errno 61] Connection refused>
ERR files/GDFoRZMewrTbwFfCveUMCL.json: HTTP Error 404: NOT FOUND
OK files/GFtJevH5urW9x3J8riNdia.json 65445 (https://web.archive.org/web/20240501105633id_/https://waveeditonline.com/files/GFtJevH5urW9x3J8riNdi)
ERR files/GzyM4WBZLXFx337cCJxg2U.json: <urlopen error [Errno 61] Connection refused>
OK files/HLHf3Jbtdcappobrsaxk32.json 63569 (https://web.archive.org/web/20250524234343id_/http://waveeditonline.com/files/HLHf3Jbtdcappobrsaxk32)
OK files/HPPJgtiKGVmicgakmoNKZd.json 60996 (https://web.archive.org/web/20250208125141id_/http://waveeditonline.com/files/HPPJgtiKGVmicgakmoNKZd)
ERR files/HiEjsMg82b4tNTbDf2pwjR.json: <urlopen error [Errno 61] Connection refused>
OK files/HjbxVCABjwPdtF6PGX7339.json 64282 (https://web.archive.org/web/20250131165506id_/http://waveeditonline.com/files/HjbxVCABjwPdtF6PGX7339)
OK files/HnwRxi6oC82P6jZGKTbmNf.json 66849 (https://web.archive.org/web/20221019145914id_/https://waveeditonline.com/files/HnwRxi6oC82P6jZGKTbmN)
ERR files/HxkRZWMzjhwpRKhjtYAYSC.json: HTTP Error 404: NOT FOUND
OK files/J7GvLdg4zzcQF89ngLpQAC.json 70182 (https://web.archive.org/web/20250312020748id_/http://waveeditonline.com/files/J7GvLdg4zzcQF89ngLpQAC)
OK files/JMVTdS7LU4WUcSbhKcnGT2.json 64400 (https://web.archive.org/web/20221019145913id_/https://waveeditonline.com/files/JMVTdS7LU4WUcSbhKcnGT)
OK files/JhmsWRC3hx5rPTushgs6bm.json 65408 (https://web.archive.org/web/20221019145913id_/https://waveeditonline.com/files/JhmsWRC3hx5rPTushgs6b)
ERR files/JphYvQ3Anh6wp5hXJyCuJE.json: HTTP Error 404: NOT FOUND
OK files/JpwxZmLgBiSFHk28MeNpNc.json 65418 (https://web.archive.org/web/20250315204448id_/http://waveeditonline.com/files/JpwxZmLgBiSFHk28MeNpNc)
ERR files/JsiUL54hhjpgrDEYvN7nGm.json: <urlopen error [Errno 61] Connection refused>
ERR files/KCfyr9p5ugq6oNkdncf8D6.json: HTTP Error 404: NOT FOUND
OK files/KEwEBz86QUtVG9g7zjcy5d.json 66269 (https://web.archive.org/web/20250125091943id_/http://waveeditonline.com/files/KEwEBz86QUtVG9g7zjcy5d)
ERR files/KSTLmtgsZc6m8cTWT8S4SL.json: HTTP Error 404: NOT FOUND
OK files/KSqDSNHVee6HSaHfgzpeaf.json 69234 (https://web.archive.org/web/20250312142743id_/http://waveeditonline.com/files/KSqDSNHVee6HSaHfgzpeaf)
OK files/KWfihpHEwEFWCqh9CtLCEX.json 57622 (https://web.archive.org/web/20240501105634id_/https://waveeditonline.com/files/KWfihpHEwEFWCqh9CtLCE)
OK files/KWgd3Dh72RBbqPqKCvNZtP.json 67250 (https://web.archive.org/web/20221019145914id_/https://waveeditonline.com/files/KWgd3Dh72RBbqPqKCvNZt)
ERR files/KZVrmziSAHfmkxo5Xk8oA8.json: <urlopen error [Errno 61] Connection refused>
ERR files/KvaqZxrxoPmKYZLg64Yct2.json: HTTP Error 404: NOT FOUND
OK files/L2HD9SfEwguJuArVkFz97b.json 65397 (https://web.archive.org/web/20221019145914id_/https://waveeditonline.com/files/L2HD9SfEwguJuArVkFz97)
ERR files/LcDg6pMzg5tbAkF3CNUuYg.json: HTTP Error 404: NOT FOUND
ERR files/M7WQUsCtXrkMwtiFQgky85.json: HTTP Error 404: NOT FOUND
ERR files/MBPAhMsCw9iBZysM4Toffe.json: HTTP Error 404: NOT FOUND
OK files/MNDCtDDjSnnsL373AQGEaW.json 66236 (https://web.archive.org/web/20221019145443id_/https://waveeditonline.com/files/MNDCtDDjSnnsL373AQGEa)
ERR files/MVRYDKnkScPB5CnEzRy5xX.json: <urlopen error [Errno 61] Connection refused>
OK files/MXSPRCDxodMgoZjLqu6UjG.json 63906 (https://web.archive.org/web/20250121222714id_/http://waveeditonline.com/files/MXSPRCDxodMgoZjLqu6UjG)
ERR files/MvTBZC4yK3HSBhBnjweTj5.json: <urlopen error [Errno 61] Connection refused>
ERR files/N7GdgW9NTzrnBZ5PUEUoQ6.json: <urlopen error [Errno 61] Connection refused>
OK files/ND5A8BZPytYmaMJ3p2r8QF.json 68175 (https://web.archive.org/web/20250316183802id_/http://waveeditonline.com/files/ND5A8BZPytYmaMJ3p2r8QF)
OK files/NeXgnGXC4iRBAEPZMb9Mo9.json 65865 (https://web.archive.org/web/20250208124814id_/http://waveeditonline.com/files/NeXgnGXC4iRBAEPZMb9Mo9)
OK files/P2MGgPmTsMj8Q99cpKDLSP.json 67022 (https://web.archive.org/web/20220320073731id_/https://waveeditonline.com/files/P2MGgPmTsMj8Q99cpKDLS)
ERR files/PKFMXfCsSFUAx4C3m9oDbV.json: <urlopen error [Errno 61] Connection refused>
OK files/PKjo5TiU9CMq7QaSa9kt9d.json 69292 (https://web.archive.org/web/20220320073731id_/https://waveeditonline.com/files/PKjo5TiU9CMq7QaSa9kt9)
ERR files/PNxj83fNz6mJ6TZ6XL7gA4.json: <urlopen error [Errno 61] Connection refused>
ERR files/PeHXc43yQL4KNuRDPFeWn8.json: HTTP Error 404: NOT FOUND
OK files/Pihzy9EzhWVEzNFBNjbTdS.json 68405 (https://web.archive.org/web/20250121222130id_/http://waveeditonline.com/files/Pihzy9EzhWVEzNFBNjbTdS)
OK files/QFoNfXz8GR8Wq7U7ccTnp4.json 69584 (https://web.archive.org/web/20250312020737id_/http://waveeditonline.com/files/QFoNfXz8GR8Wq7U7ccTnp4)
OK files/QKmmFXk4hBMLfL5vCSxPHm.json 67936 (https://web.archive.org/web/20250215211710id_/http://waveeditonline.com/files/QKmmFXk4hBMLfL5vCSxPHm)
OK files/QWg8SAYHSsr92hZvyJni2g.json 53044 (https://web.archive.org/web/20250315213306id_/http://waveeditonline.com/files/QWg8SAYHSsr92hZvyJni2g)
OK files/QarBRdy8a5eo4GejHXzbde.json 65181 (https://web.archive.org/web/20221019145914id_/https://waveeditonline.com/files/QarBRdy8a5eo4GejHXzbd)
ERR files/Qd6A8g5fZAcNCRBTBWT3PF.json: <urlopen error [Errno 61] Connection refused>
ERR files/QwTxYvb3wSnsTNLM2mR4BE.json: <urlopen error [Errno 61] Connection refused>
OK files/S9tZdhp4xydTEspL9P7Ba8.json 68281 (https://web.archive.org/web/20221019145914id_/https://waveeditonline.com/files/S9tZdhp4xydTEspL9P7Ba)
OK files/SDvV2pN89ux8mSdTAYe4pC.json 66338 (https://web.archive.org/web/20250121222701id_/http://waveeditonline.com/files/SDvV2pN89ux8mSdTAYe4pC)
OK files/SHtypk82X9o9T8MiHSx2Nm.json 71036 (https://web.archive.org/web/20221019145913id_/https://waveeditonline.com/files/SHtypk82X9o9T8MiHSx2N)
OK files/SRexNoJLYsBCXMM4cNBPYb.json 67347 (https://web.archive.org/web/20221019145913id_/https://waveeditonline.com/files/SRexNoJLYsBCXMM4cNBPY)
ERR files/SWimEACxYuXjbH6UQVQBzh.json: HTTP Error 404: NOT FOUND
ERR files/Sb2WfEAPPprVhNukFYdG8m.json: HTTP Error 404: NOT FOUND
ERR files/SpARvMcr62iDxMK5iVganM.json: HTTP Error 404: NOT FOUND
OK files/StD9rN36xgqNG6Yp8mkr5Q.json 63904 (https://web.archive.org/web/20250524174707id_/http://waveeditonline.com/files/StD9rN36xgqNG6Yp8mkr5Q)
OK files/Svdkanqo8HgZ9KmijaweD6.json 63620 (https://web.archive.org/web/20250131165429id_/http://waveeditonline.com/files/Svdkanqo8HgZ9KmijaweD6)
OK files/Syq8LUyb8hg8pQyuaxyK73.json 68564 (https://web.archive.org/web/20221019145914id_/https://waveeditonline.com/files/Syq8LUyb8hg8pQyuaxyK7)
OK files/TQeNYGwu958fJ3YrtrA87i.json 62178 (https://web.archive.org/web/20250312142832id_/http://waveeditonline.com/files/TQeNYGwu958fJ3YrtrA87i)
ERR files/TkcavA2qsA4mteL6tXAnY9.json: <urlopen error [Errno 61] Connection refused>
OK files/Tp9aZHsidExjDVmK5v2gxT.json 67101 (https://web.archive.org/web/20250219021159id_/http://waveeditonline.com/files/Tp9aZHsidExjDVmK5v2gxT)
ERR files/TvXAQryhiuaETMz8zatJjM.json: HTTP Error 404: NOT FOUND
OK files/U4zSmuXSLNQ77mUyu8MWU4.json 66583 (https://web.archive.org/web/20221019145914id_/https://waveeditonline.com/files/U4zSmuXSLNQ77mUyu8MWU)
OK files/U689AJb5wYrLEENyNzfvBB.json 67363 (https://web.archive.org/web/20221019145914id_/https://waveeditonline.com/files/U689AJb5wYrLEENyNzfvB)
ERR files/UFEKDpCucpByt3Z2r5TuST.json: HTTP Error 404: NOT FOUND
OK files/UGLYQifGRSSQA3d8up3taS.json 65175 (https://web.archive.org/web/20250121222717id_/http://waveeditonline.com/files/UGLYQifGRSSQA3d8up3taS)
ERR files/UYiDQJhfYvSVfWAdXQQ5nn.json: <urlopen error [Errno 61] Connection refused>
ERR files/UpjRRdwZdGxBqugcfU55sd.json: <urlopen error [Errno 61] Connection refused>
OK files/VLTStpJsDfvon2umqeBSGM.json 62396 (https://web.archive.org/web/20240118235645id_/https://waveeditonline.com/files/VLTStpJsDfvon2umqeBSG)
OK files/VSrgZzi3UnUBeXrTStJs43.json 67191 (https://web.archive.org/web/20250121222656id_/http://waveeditonline.com/files/VSrgZzi3UnUBeXrTStJs43)
ERR files/VsFuQAHSXJ8GxS2KfuZY22.json: HTTP Error 404: NOT FOUND
OK files/W3tLLujQYBcUrThPvNn3Nb.json 69286 (https://web.archive.org/web/20250312142744id_/http://waveeditonline.com/files/W3tLLujQYBcUrThPvNn3Nb)
OK files/WBj4e8UEmcFyyHNFbm6dK9.json 65774 (https://web.archive.org/web/20250219021203id_/http://waveeditonline.com/files/WBj4e8UEmcFyyHNFbm6dK9)
OK files/WFRDZS4QXWCNPPJNJCUSFE.json 64787 (https://web.archive.org/web/20221019145444id_/https://waveeditonline.com/files/WFRDZS4QXWCNPPJNJCUSF)
OK files/WJYdYCThF9ss3tPodi7QpB.json 67048 (https://web.archive.org/web/20240501105633id_/https://waveeditonline.com/files/WJYdYCThF9ss3tPodi7Qp)
ERR files/WSiZrvJGmKKiHBpwfp4dAf.json: <urlopen error [Errno 61] Connection refused>
OK files/WVwn7GZBXVM5L35tnP9Sk7.json 67114 (https://web.archive.org/web/20240118235645id_/https://waveeditonline.com/files/WVwn7GZBXVM5L35tnP9Sk)
ERR files/WfMsJqfYNxnHUQmatEDtNC.json: HTTP Error 404: NOT FOUND
OK files/Wm6pCYCtE32zQEi446bYwV.json 64766 (https://web.archive.org/web/20250315213306id_/http://waveeditonline.com/files/Wm6pCYCtE32zQEi446bYwV)
OK files/WzWJqr4baM2HoiNb8MjNej.json 63865 (https://web.archive.org/web/20250131165429id_/http://waveeditonline.com/files/WzWJqr4baM2HoiNb8MjNej)
OK files/XD89CDsMU5NHDWKPK7DvKN.json 65120 (https://web.archive.org/web/20250131165508id_/http://waveeditonline.com/files/XD89CDsMU5NHDWKPK7DvKN)
OK files/XZQhXuEzXs5YWA9baLehbA.json 67124 (https://web.archive.org/web/20221019145914id_/https://waveeditonline.com/files/XZQhXuEzXs5YWA9baLehb)
ERR files/Xmdt7M7d5KrNnqkSGRDthQ.json: HTTP Error 404: NOT FOUND
ERR files/Y8BVcZnMzfRQRQhFEyEak5.json: HTTP Error 404: NOT FOUND
OK files/YEH2L8uKtGxfw28jJz6iMb.json 71501 (https://web.archive.org/web/20221019145444id_/https://waveeditonline.com/files/YEH2L8uKtGxfw28jJz6iM)
OK files/YVL9Vq3vu2UvP5LdqF4qfA.json 69223 (https://web.archive.org/web/20250215211709id_/http://waveeditonline.com/files/YVL9Vq3vu2UvP5LdqF4qfA)
OK files/YkcjrDgr2uKMuE27PDjytY.json 69750 (https://web.archive.org/web/20250312142744id_/http://waveeditonline.com/files/YkcjrDgr2uKMuE27PDjytY)
ERR files/Z3GTkxmMCy7soWGd7PnFka.json: HTTP Error 404: NOT FOUND
ERR files/Z3sJa8brUSureMtgTkRxcQ.json: HTTP Error 404: NOT FOUND
ERR files/Z8VwHo6dn4yS9yWjMcJZ7h.json: <urlopen error [Errno 61] Connection refused>
ERR files/ZVD2iRnJT9DY5YqbQsRkNf.json: HTTP Error 404: NOT FOUND
ERR files/ZiEBVieG9AY8c5F3T4FCH8.json: HTTP Error 404: NOT FOUND
ERR files/ZsZywzfwY758RGYZRmHgqa.json: HTTP Error 404: NOT FOUND
ERR files/ZxaAHBMgjnqqWeK3NXAytn.json: <urlopen error [Errno 61] Connection refused>
ERR files/aB5zTWm5XcrcoFRgKhsDE2.json: HTTP Error 404: NOT FOUND
OK files/aG99Yx3PDew4xk9GdjGwML.json 65233 (https://web.archive.org/web/20250315205545id_/http://waveeditonline.com/files/aG99Yx3PDew4xk9GdjGwML)
OK files/aLV59899tsAvzyvdcseFVD.json 66177 (https://web.archive.org/web/20250215211657id_/http://waveeditonline.com/files/aLV59899tsAvzyvdcseFVD)
OK files/auL5TkHQjtxy6GdJ7pDxZD.json 58480 (https://web.archive.org/web/20250315213309id_/http://waveeditonline.com/files/auL5TkHQjtxy6GdJ7pDxZD)
OK files/awhRkaELXYpzJSNa6zCyHP.json 65923 (https://web.archive.org/web/20250219021215id_/http://waveeditonline.com/files/awhRkaELXYpzJSNa6zCyHP)
ERR files/bJK4LySQFVsBPZJd7mUGsn.json: <urlopen error [Errno 61] Connection refused>
OK files/bstu25ZeWTv2M7YTwBPShH.json 64127 (https://web.archive.org/web/20250312142833id_/http://waveeditonline.com/files/bstu25ZeWTv2M7YTwBPShH)
OK files/bu2a8fnkuCufKcmzMGx8YF.json 67174 (https://web.archive.org/web/20221019145914id_/https://waveeditonline.com/files/bu2a8fnkuCufKcmzMGx8Y)
ERR files/bukafyHcqVA8ZsWp73yXKm.json: <urlopen error [Errno 61] Connection refused>
OK files/cEvr8ed3M26J6NfGt7mq4U.json 68012 (https://web.archive.org/web/20240501105634id_/https://waveeditonline.com/files/cEvr8ed3M26J6NfGt7mq4)
OK files/cKEDSUiCudyzvLhcAF6FgK.json 65045 (https://web.archive.org/web/20240118235645id_/https://waveeditonline.com/files/cKEDSUiCudyzvLhcAF6Fg)
ERR files/cNp7ZgDTLizepJTYoVQm24.json: HTTP Error 404: NOT FOUND
OK files/ceHGkvsxmdtaatmk9Scr9D.json 66137 (https://web.archive.org/web/20250215211709id_/http://waveeditonline.com/files/ceHGkvsxmdtaatmk9Scr9D)
ERR files/dANLjsrE6hh7CkWAUL2zgf.json: <urlopen error [Errno 61] Connection refused>
ERR files/dYUdZLAPqcVvp8B2V4GzhB.json: <urlopen error [Errno 61] Connection refused>
OK files/e6Qcqd7Sc24gUCQbdGJ9ET.json 62396 (https://web.archive.org/web/20250121222131id_/http://waveeditonline.com/files/e6Qcqd7Sc24gUCQbdGJ9ET)
OK files/e7EaYCCgWQmDDQbcFQe7iQ.json 66923 (https://web.archive.org/web/20250215211710id_/http://waveeditonline.com/files/e7EaYCCgWQmDDQbcFQe7iQ)
OK files/eDvLkYurYVYZdVmQ5xdxAJ.json 64733 (https://web.archive.org/web/20250317061641id_/http://waveeditonline.com/files/eDvLkYurYVYZdVmQ5xdxAJ)
OK files/eJWyVxTAR5yKfMtmaqVqUi.json 60442 (https://web.archive.org/web/20221019145443id_/https://waveeditonline.com/files/eJWyVxTAR5yKfMtmaqVqU)
OK files/eL5cdXBBo78Hi4gRB4xEVe.json 60837 (https://web.archive.org/web/20250125091836id_/http://waveeditonline.com/files/eL5cdXBBo78Hi4gRB4xEVe)
OK files/eXbqk8mb53Ya9wpr22yefk.json 68137 (https://web.archive.org/web/20221019145915id_/https://waveeditonline.com/files/eXbqk8mb53Ya9wpr22yef)
ERR files/edHCrjXmTzVN646rRDZ6Xj.json: HTTP Error 404: NOT FOUND
OK files/fAuSer2q7JaCdLBHQHj3aM.json 60527 (https://web.archive.org/web/20250312142834id_/http://waveeditonline.com/files/fAuSer2q7JaCdLBHQHj3aM)
ERR files/fCVa5JFzyAsmkwNYhKW33T.json: <urlopen error [Errno 61] Connection refused>
OK files/fPhyn7zBc6pADE3bAznQbh.json 62609 (https://web.archive.org/web/20250315204448id_/http://waveeditonline.com/files/fPhyn7zBc6pADE3bAznQbh)
OK files/fX8zJLacUVKBe7VnA2QqwR.json 69390 (https://web.archive.org/web/20250312142745id_/http://waveeditonline.com/files/fX8zJLacUVKBe7VnA2QqwR)
OK files/fqBk6Q9qWCAsUZvv7Siqb4.json 66088 (https://web.archive.org/web/20221019145443id_/https://waveeditonline.com/files/fqBk6Q9qWCAsUZvv7Siqb)
OK files/frHfJxqT6SBDLSSWsyndgF.json 62268 (https://web.archive.org/web/20250217012042id_/http://waveeditonline.com/files/frHfJxqT6SBDLSSWsyndgF)
OK files/g58mqpBtajATGVaNoGkLMe.json 69405 (https://web.archive.org/web/20240501105635id_/https://waveeditonline.com/files/g58mqpBtajATGVaNoGkLM)
OK files/gQrqjzxwk4SmJixCKhrarb.json 64082 (https://web.archive.org/web/20250312142832id_/http://waveeditonline.com/files/gQrqjzxwk4SmJixCKhrarb)
OK files/gh6WytxVnfakLYfdJXftWF.json 70376 (https://web.archive.org/web/20221019145914id_/https://waveeditonline.com/files/gh6WytxVnfakLYfdJXftW)
ERR files/gt8m4NR9dXpYD24MVkvjTD.json: HTTP Error 404: NOT FOUND
FINITO
